exports[`test adds 1 + 2 to equal 3 1`] = `3`;

exports[`test concat strings 1`] = `"foo"`;
